INFO:citylearn.scenario_manager:Selected scenario E1: Flexibility Scenario - load shifting, storage, EV flexibility and PV self-consumption
INFO:citylearn.scenario_manager:Scenario E1: applied rtp_daily_amplified_x1.0 tariff to 17 buildings.
D:\MADRLCitytleranflexresdr\external\MAAC\utils\misc.py:106: UserWarning: The torch.cuda.*DtypeTensor constructors are no longer recommended. It's best to use methods such as torch.tensor(data, dtype=*, device='cuda') to create tensors. (Triggered internally at C:\actions-runner\_work\pytorch\pytorch\pytorch\torch\csrc\tensor\python_tensor.cpp:80.)
  acs = Variable(tensor_type(*probs.shape).fill_(0)).scatter_(1, int_acs, 1)
D:\MADRLCitytleranflexresdr\external\MAAC\algorithms\attention_sac.py:110: FutureWarning: `torch.nn.utils.clip_grad_norm` is now deprecated in favor of `torch.nn.utils.clip_grad_norm_`.
  grad_norm = torch.nn.utils.clip_grad_norm(
D:\MADRLCitytleranflexresdr\external\MAAC\algorithms\attention_sac.py:157: FutureWarning: `torch.nn.utils.clip_grad_norm` is now deprecated in favor of `torch.nn.utils.clip_grad_norm_`.
  grad_norm = torch.nn.utils.clip_grad_norm(
D:\MADRLCitytleranflexresdr\external\MAAC\algorithms\attention_sac.py:110: FutureWarning: `torch.nn.utils.clip_grad_norm` is now deprecated in favor of `torch.nn.utils.clip_grad_norm_`.
  grad_norm = torch.nn.utils.clip_grad_norm(
D:\MADRLCitytleranflexresdr\external\MAAC\algorithms\attention_sac.py:157: FutureWarning: `torch.nn.utils.clip_grad_norm` is now deprecated in favor of `torch.nn.utils.clip_grad_norm_`.
  grad_norm = torch.nn.utils.clip_grad_norm(
D:\MADRLCitytleranflexresdr\external\MAAC\algorithms\attention_sac.py:110: FutureWarning: `torch.nn.utils.clip_grad_norm` is now deprecated in favor of `torch.nn.utils.clip_grad_norm_`.
  grad_norm = torch.nn.utils.clip_grad_norm(
D:\MADRLCitytleranflexresdr\external\MAAC\algorithms\attention_sac.py:157: FutureWarning: `torch.nn.utils.clip_grad_norm` is now deprecated in favor of `torch.nn.utils.clip_grad_norm_`.
  grad_norm = torch.nn.utils.clip_grad_norm(
D:\MADRLCitytleranflexresdr\external\MAAC\algorithms\attention_sac.py:110: FutureWarning: `torch.nn.utils.clip_grad_norm` is now deprecated in favor of `torch.nn.utils.clip_grad_norm_`.
  grad_norm = torch.nn.utils.clip_grad_norm(
D:\MADRLCitytleranflexresdr\external\MAAC\algorithms\attention_sac.py:157: FutureWarning: `torch.nn.utils.clip_grad_norm` is now deprecated in favor of `torch.nn.utils.clip_grad_norm_`.
  grad_norm = torch.nn.utils.clip_grad_norm(
D:\MADRLCitytleranflexresdr\external\MAAC\algorithms\attention_sac.py:110: FutureWarning: `torch.nn.utils.clip_grad_norm` is now deprecated in favor of `torch.nn.utils.clip_grad_norm_`.
  grad_norm = torch.nn.utils.clip_grad_norm(
D:\MADRLCitytleranflexresdr\external\MAAC\algorithms\attention_sac.py:157: FutureWarning: `torch.nn.utils.clip_grad_norm` is now deprecated in favor of `torch.nn.utils.clip_grad_norm_`.
  grad_norm = torch.nn.utils.clip_grad_norm(
