INFO:citylearn.scenario_manager:Selected scenario E2: Carbon Emissions Scenario - carbon-aware operation without legacy resilience reward
INFO:citylearn.scenario_manager:Scenario E2: applied flat_mean_price tariff to 17 buildings.
Traceback (most recent call last):
  File "D:\MADRLCitytleranflexresdr\CityLearn\scripts\train_citylearn_v3_happo.py", line 237, in <module>
    raise SystemExit(main())
  File "D:\MADRLCitytleranflexresdr\CityLearn\scripts\train_citylearn_v3_happo.py", line 184, in main
    runner.run()
  File "D:\MADRLCitytleranflexresdr\external\HARL\harl\runners\on_policy_base_runner.py", line 220, in run
    ) = self.envs.step(actions)
  File "D:\MADRLCitytleranflexresdr\external\HARL\harl\envs\env_wrappers.py", line 132, in step
    return self.step_wait()
  File "D:\MADRLCitytleranflexresdr\external\HARL\harl\envs\env_wrappers.py", line 345, in step_wait
    obs[i], share_obs[i], available_actions[i] = self.envs[i].reset()
  File "D:\MADRLCitytleranflexresdr\CityLearn\scripts\citylearn_v3_training_common.py", line 3314, in reset
    obs = self.adapter.reset()
  File "D:\MADRLCitytleranflexresdr\CityLearn\scripts\citylearn_v3_training_common.py", line 2759, in reset
    observations, _infos = self.env.reset(seed=self.seed_value)
  File "D:\MADRLCitytleranflexresdr\CityLearn\citylearn\dec_pomdp.py", line 103, in reset
    observations, info = self.env.reset(seed=seed, options=options)
  File "D:\MADRLCitytleranflexresdr\.venv39-citylearn-v3\lib\site-packages\gymnasium\core.py", line 462, in reset
    obs, info = self.env.reset(seed=seed, options=options)
  File "D:\MADRLCitytleranflexresdr\CityLearn\citylearn\citylearn.py", line 1282, in reset
    self.update_variables()
  File "D:\MADRLCitytleranflexresdr\CityLearn\citylearn\citylearn.py", line 1330, in update_variables
    return self._runtime_service.update_variables()
  File "D:\MADRLCitytleranflexresdr\CityLearn\citylearn\internal\runtime.py", line 392, in update_variables
    building.update_variables()
  File "D:\MADRLCitytleranflexresdr\CityLearn\citylearn\building.py", line 2517, in update_variables
    self.__net_electricity_consumption_cost[self.time_step] = net_electricity_consumption*self.pricing.electricity_pricing[self.time_step]
IndexError: index 0 is out of bounds for axis 0 with size 0
